1.00 1.00 1.00
8.00 4.00 6.00
15.00 3.00 5.00
